█ Ирина Горбунова  (expert)
  1 page    0.4с  открылась=false соцсеть=true
  2 social  16.9с  нашли=true
      био: 👩🏻‍💼Founder of the business community @animawomen 🏆 Judge for Global Startup Competitions @startupworldcup 🎤Voice S
  3 rivals  115.5с  ниша=Женское бизнес-сообщество и менторство для основательниц (нетворкинг, фандрейзинг, публичные выступления) | гео=Беверли-Хиллз / Лос-Анджелес, Калифорния, США
  4 fetch   2.1с  открылось 5 из 5
  5 verdict 17.4с  http=200
  ИТОГО 152.3с → 01-irina-gorbunova.json
█ Игорь Лён  (business)
  1 page    0.4с  открылась=false соцсеть=true
  2 social  22.6с  нашли=true
      био: —
  3 rivals  32.2с  ниша=Русскоязычное бизнес-сообщество (клуб предпринимателей) в США + привлечение инвестиций в промышленный проект (завод тран | гео=Майами, США
  4 fetch   1.1с  открылось 4 из 5
  5 verdict 19.9с  http=200
  ИТОГО 76.1с → 02-igor-lyon.json
█ Кристина Лабрусчиана (Шадрина)  (expert)
  1 page    0.3с  открылась=false соцсеть=true
  2 social  19.7с  нашли=true
      био: ДОХОД | ФИНАНСЫ | БИЗНЕС
  3 rivals  26.1с  ниша=Финансовое консультирование и обучение инвестициям (курсы по финансовой грамотности), инвестиции в коммерческую недвижим | гео=США, Лос-Анджелес / Майами
  4 fetch   0.9с  открылось 4 из 5
  5 verdict 17.3с  http=200
  ИТОГО 64.3с → 03-kristina-shadrina.json
█ Андрей Калугин  (business)
  1 page    0.4с  открылась=false соцсеть=true
  2 social  223.9с  нашли=true
      био: —
  3 rivals  24.4с  ниша=Офлайн-студия детского музыкального театра: обучение детей актёрскому мастерству, вокалу и постановка детских мюзиклов | гео=Лос-Анджелес, США
  4 fetch   1.0с  открылось 5 из 5
  5 verdict 18.3с  http=200
  ИТОГО 268.0с → 04-andrey-kalugin.json
█ Малена Мельникова  (business)
  1 page    0.3с  открылась=false соцсеть=true
  2 social  22.3с  нашли=true
      био: 💜 Малена Мельникова | Академия Чая | Церемонии | Сообщество 🎁ЛОТЫ И ПОДАРКИ⬇️
  3 rivals  29.6с  ниша=Чайные церемонии и чайная культура (обучение, частные и корпоративные церемонии для отелей, спа и ивент-индустрии) | гео=Майами, США
  4 fetch   7.0с  открылось 2 из 5
  5 verdict 18.6с  http=200
  ИТОГО 77.8с → 05-malena-melnikova.json

[exited with code 0]
